---
source: tests/cli.rs
expression: stable
---
{
  "tool_version": "[version]",
  "schema_version": "1.0",
  "scan_time": "2026-10-05T00:00:00Z",
  "project": "tfplan.json",
  "iac": [
    "Terraform (plan JSON)"
  ],
  "sources": [
    "fixtures/aws-ecommerce-plan/tfplan.json"
  ],
  "clouds": [
    "aws"
  ],
  "regions": [
    "us-east-1"
  ],
  "currency": "USD",
  "pricing_source": "AWS public list prices (on-demand)",
  "pricing": [
    {
      "provider": "aws",
      "service": "AWSELB",
      "region": "us-east-1",
      "version": "20260911124544",
      "publication_date": "2026-09-11T12:45:44Z"
    },
    {
      "provider": "aws",
      "service": "AWSLambda",
      "region": "us-east-1",
      "version": "20261001184746",
      "publication_date": "2026-10-01T18:47:46Z"
    },
    {
      "provider": "aws",
      "service": "AmazonCloudFront",
      "region": "aws-other",
      "version": "20261003000426",
      "publication_date": "2026-10-03T00:04:26Z"
    },
    {
      "provider": "aws",
      "service": "AmazonDynamoDB",
      "region": "us-east-1",
      "version": "20260911124422",
      "publication_date": "2026-09-11T12:44:22Z"
    },
    {
      "provider": "aws",
      "service": "AmazonEC2",
      "region": "us-east-1",
      "version": "20260925174521",
      "publication_date": "2026-09-25T17:45:21Z"
    },
    {
      "provider": "aws",
      "service": "AmazonECS",
      "region": "us-east-1",
      "version": "20260911124425",
      "publication_date": "2026-09-11T12:44:25Z"
    },
    {
      "provider": "aws",
      "service": "AmazonElastiCache",
      "region": "us-east-1",
      "version": "20260914063714",
      "publication_date": "2026-09-14T06:37:14Z"
    },
    {
      "provider": "aws",
      "service": "AmazonRDS",
      "region": "us-east-1",
      "version": "20261001060230",
      "publication_date": "2026-10-01T06:02:30Z"
    },
    {
      "provider": "aws",
      "service": "AmazonS3",
      "region": "us-east-1",
      "version": "20260928230416",
      "publication_date": "2026-09-28T23:04:16Z"
    }
  ],
  "monthly_hours": "730",
  "usage_profile": "standard (default)",
  "has_baseline": true,
  "counts": {
    "total": 14,
    "priced": 9,
    "partially_priced": 2,
    "unresolved": 0,
    "unsupported": 1,
    "no_direct_charge": 2
  },
  "costs": {
    "before": "405.82110000000",
    "after": "1165.43510000000000000000000",
    "delta": "759.61400000000000000000000",
    "annual_after": "13985.22120000000000000000000",
    "annual_delta": "9115.36800000000000000000000",
    "delta_percent": "187.17952319384083282017618108"
  },
  "resources": [
    {
      "address": "aws_instance.legacy_web",
      "resource_type": "aws_instance",
      "action": "delete",
      "before": {
        "address": "aws_instance.legacy_web",
        "resource_type": "aws_instance",
        "service": "EC2",
        "region": "us-east-1",
        "status": "priced",
        "monthly": "70.7360000000",
        "components": [
          {
            "name": "Instance hours",
            "category": "compute",
            "status": "priced",
            "monthly": "60.7360000000",
            "kind": "estimated",
            "quantity": "730",
            "unit": "Hrs",
            "sku": "HBVJM3Q9S8K6MNPJ",
            "price_description": "$0.0832 per On Demand Linux t3.large Instance Hour",
            "formula": "730 hours × $0.0832 per Hrs",
            "notes": [
              "Assumes Linux on-demand rate; the operating system comes from the AMI and is not visible in the IaC."
            ]
          },
          {
            "name": "Root volume storage",
            "category": "storage",
            "status": "priced",
            "monthly": "10.0000000000",
            "kind": "exact",
            "quantity": "100",
            "unit": "GB-Mo",
            "sku": "HY3BZPP2B6K8MSJF",
            "price_description": "$0.10 per GB-month of General Purpose SSD (gp2) provisioned storage - US East (Northern Virginia)",
            "formula": "100 root_block_device.0.volume_size × $0.1 per GB-Mo",
            "notes": []
          }
        ],
        "notes": [
          "The root volume is priced only when root_block_device sets its size and type; otherwise they come from the AMI."
        ]
      },
      "after": null,
      "delta": "-70.7360000000"
    },
    {
      "address": "aws_ebs_volume.legacy_data",
      "resource_type": "aws_ebs_volume",
      "action": "delete",
      "before": {
        "address": "aws_ebs_volume.legacy_data",
        "resource_type": "aws_ebs_volume",
        "service": "EBS",
        "region": "us-east-1",
        "status": "priced",
        "monthly": "50.0000000000",
        "components": [
          {
            "name": "Volume storage",
            "category": "storage",
            "status": "priced",
            "monthly": "50.0000000000",
            "kind": "exact",
            "quantity": "500",
            "unit": "GB-Mo",
            "sku": "HY3BZPP2B6K8MSJF",
            "price_description": "$0.10 per GB-month of General Purpose SSD (gp2) provisioned storage - US East (Northern Virginia)",
            "formula": "500 size × $0.1 per GB-Mo",
            "notes": []
          }
        ],
        "notes": [
          "gp3 throughput above the included 125 MiB/s and snapshots are not modelled."
        ]
      },
      "after": null,
      "delta": "-50.0000000000"
    },
    {
      "address": "aws_db_instance.orders",
      "resource_type": "aws_db_instance",
      "action": "update",
      "before": {
        "address": "aws_db_instance.orders",
        "resource_type": "aws_db_instance",
        "service": "RDS",
        "region": "us-east-1",
        "status": "priced",
        "monthly": "127.5700000000",
        "components": [
          {
            "name": "Database instance hours",
            "category": "compute",
            "status": "priced",
            "monthly": "116.0700000000",
            "kind": "exact",
            "quantity": "730",
            "unit": "Hrs",
            "sku": "NW6VUGAHAQ6UY55B",
            "price_description": "$ 0.159 per RDS db.m6g.large Single-AZ instance hour (or partial hour) running PostgreSQL",
            "formula": "730 hours × $0.159 per Hrs",
            "notes": []
          },
          {
            "name": "Allocated storage",
            "category": "storage",
            "status": "priced",
            "monthly": "11.5000000000",
            "kind": "exact",
            "quantity": "100",
            "unit": "GB-Mo",
            "sku": "CQK5YMWVUJ45X4ED",
            "price_description": "$0.115 per GB-month of provisioned GP3 storage",
            "formula": "100 allocated_storage × $0.115 per GB-Mo",
            "notes": []
          }
        ],
        "notes": [
          "Backup storage beyond the free allocation, data transfer and Performance Insights are not modelled."
        ]
      },
      "after": {
        "address": "aws_db_instance.orders",
        "resource_type": "aws_db_instance",
        "service": "RDS",
        "region": "us-east-1",
        "status": "priced",
        "monthly": "510.2800000000",
        "components": [
          {
            "name": "Database instance hours",
            "category": "compute",
            "status": "priced",
            "monthly": "464.2800000000",
            "kind": "exact",
            "quantity": "730",
            "unit": "Hrs",
            "sku": "GP5RCQFCWDXP9H5K",
            "price_description": "$ 0.636 per RDS db.m6g.xlarge Multi-AZ instance hour (or partial hour) running PostgreSQL",
            "formula": "730 hours × $0.636 per Hrs",
            "notes": []
          },
          {
            "name": "Allocated storage",
            "category": "storage",
            "status": "priced",
            "monthly": "46.0000000000",
            "kind": "exact",
            "quantity": "200",
            "unit": "GB-Mo",
            "sku": "VXAX7HFQ5JGD2RFS",
            "price_description": "$0.23 per GB-month of provisioned GP3 storage for Multi-AZ deployments",
            "formula": "200 allocated_storage × $0.23 per GB-Mo",
            "notes": []
          }
        ],
        "notes": [
          "Backup storage beyond the free allocation, data transfer and Performance Insights are not modelled."
        ]
      },
      "delta": "382.7100000000"
    },
    {
      "address": "aws_ecs_task_definition.web",
      "resource_type": "aws_ecs_task_definition",
      "action": "replace",
      "before": {
        "address": "aws_ecs_task_definition.web",
        "resource_type": "aws_ecs_task_definition",
        "service": "",
        "region": "us-east-1",
        "status": "no_direct_charge",
        "monthly": null,
        "components": [],
        "notes": []
      },
      "after": {
        "address": "aws_ecs_task_definition.web",
        "resource_type": "aws_ecs_task_definition",
        "service": "",
        "region": "us-east-1",
        "status": "no_direct_charge",
        "monthly": null,
        "components": [],
        "notes": []
      },
      "delta": "0"
    },
    {
      "address": "aws_ecs_service.web",
      "resource_type": "aws_ecs_service",
      "action": "update",
      "before": {
        "address": "aws_ecs_service.web",
        "resource_type": "aws_ecs_service",
        "service": "ECS",
        "region": "us-east-1",
        "status": "priced",
        "monthly": "36.04010000000",
        "components": [
          {
            "name": "Fargate vCPU hours",
            "category": "compute",
            "status": "priced",
            "monthly": "29.55040000000",
            "kind": "exact",
            "quantity": "730.0",
            "unit": "hours",
            "sku": "8CESGAFWKAJ98PME",
            "price_description": "AWS Fargate - vCPU - US East (N.Virginia)",
            "formula": "730 hours × 2 desired_count × 0.5 vcpu = 730 hours × $0.04048 per hours",
            "notes": []
          },
          {
            "name": "Fargate memory GB hours",
            "category": "compute",
            "status": "priced",
            "monthly": "6.4897000000",
            "kind": "exact",
            "quantity": "1460",
            "unit": "hours",
            "sku": "PBZNQUSEXZUC34C9",
            "price_description": "AWS Fargate - Memory  - US East (N.Virginia)",
            "formula": "730 hours × 2 desired_count × 1 memory_gb = 1460 hours × $0.004445 per hours",
            "notes": []
          }
        ],
        "notes": [
          "Fargate Linux/x86 rates. Services on EC2 capacity have no charge of their own; the cost is in the instances."
        ]
      },
      "after": {
        "address": "aws_ecs_service.web",
        "resource_type": "aws_ecs_service",
        "service": "ECS",
        "region": "us-east-1",
        "status": "priced",
        "monthly": "144.1604000000",
        "components": [
          {
            "name": "Fargate vCPU hours",
            "category": "compute",
            "status": "priced",
            "monthly": "118.2016000000",
            "kind": "exact",
            "quantity": "2920",
            "unit": "hours",
            "sku": "8CESGAFWKAJ98PME",
            "price_description": "AWS Fargate - vCPU - US East (N.Virginia)",
            "formula": "730 hours × 4 desired_count × 1 vcpu = 2920 hours × $0.04048 per hours",
            "notes": []
          },
          {
            "name": "Fargate memory GB hours",
            "category": "compute",
            "status": "priced",
            "monthly": "25.9588000000",
            "kind": "exact",
            "quantity": "5840",
            "unit": "hours",
            "sku": "PBZNQUSEXZUC34C9",
            "price_description": "AWS Fargate - Memory  - US East (N.Virginia)",
            "formula": "730 hours × 4 desired_count × 2 memory_gb = 5840 hours × $0.004445 per hours",
            "notes": []
          }
        ],
        "notes": [
          "Fargate Linux/x86 rates. Services on EC2 capacity have no charge of their own; the cost is in the instances."
        ]
      },
      "delta": "108.12030000000"
    },
    {
      "address": "aws_lb.web",
      "resource_type": "aws_lb",
      "action": "no_op",
      "before": {
        "address": "aws_lb.web",
        "resource_type": "aws_lb",
        "service": "Load Balancing",
        "region": "us-east-1",
        "status": "priced",
        "monthly": "45.6250000000",
        "components": [
          {
            "name": "Load balancer hours",
            "category": "compute",
            "status": "priced",
            "monthly": "16.4250000000",
            "kind": "exact",
            "quantity": "730",
            "unit": "Hrs",
            "sku": "37CUWUT8GSNQEPUV",
            "price_description": "$0.0225 per Application LoadBalancer-hour (or partial hour)",
            "formula": "730 hours × $0.0225 per Hrs",
            "notes": []
          },
          {
            "name": "Load balancer capacity units",
            "category": "requests",
            "status": "priced",
            "monthly": "29.2000000000",
            "kind": "usage_assumed",
            "quantity": "3650",
            "unit": "LCU-Hrs",
            "sku": "P2XGEJ8N3KU52WA8",
            "price_description": "$0.008 per used Application load balancer capacity unit-hour (or partial hour)",
            "formula": "730 hours × 5 lcu_average = 3650 LCU-Hrs × $0.008 per LCU-Hrs",
            "notes": []
          }
        ],
        "notes": []
      },
      "after": {
        "address": "aws_lb.web",
        "resource_type": "aws_lb",
        "service": "Load Balancing",
        "region": "us-east-1",
        "status": "priced",
        "monthly": "45.6250000000",
        "components": [
          {
            "name": "Load balancer hours",
            "category": "compute",
            "status": "priced",
            "monthly": "16.4250000000",
            "kind": "exact",
            "quantity": "730",
            "unit": "Hrs",
            "sku": "37CUWUT8GSNQEPUV",
            "price_description": "$0.0225 per Application LoadBalancer-hour (or partial hour)",
            "formula": "730 hours × $0.0225 per Hrs",
            "notes": []
          },
          {
            "name": "Load balancer capacity units",
            "category": "requests",
            "status": "priced",
            "monthly": "29.2000000000",
            "kind": "usage_assumed",
            "quantity": "3650",
            "unit": "LCU-Hrs",
            "sku": "P2XGEJ8N3KU52WA8",
            "price_description": "$0.008 per used Application load balancer capacity unit-hour (or partial hour)",
            "formula": "730 hours × 5 lcu_average = 3650 LCU-Hrs × $0.008 per LCU-Hrs",
            "notes": []
          }
        ],
        "notes": []
      },
      "delta": "0.0000000000"
    },
    {
      "address": "aws_nat_gateway.main",
      "resource_type": "aws_nat_gateway",
      "action": "no_op",
      "before": {
        "address": "aws_nat_gateway.main",
        "resource_type": "aws_nat_gateway",
        "service": "NAT Gateway",
        "region": "us-east-1",
        "status": "priced",
        "monthly": "55.3500000000",
        "components": [
          {
            "name": "NAT gateway hours",
            "category": "compute",
            "status": "priced",
            "monthly": "32.8500000000",
            "kind": "exact",
            "quantity": "730",
            "unit": "Hrs",
            "sku": "M2YSHUBETB3JX4M4",
            "price_description": "$0.045 per NAT Gateway Hour",
            "formula": "730 hours × $0.045 per Hrs",
            "notes": []
          },
          {
            "name": "Data processed",
            "category": "data_transfer",
            "status": "priced",
            "monthly": "22.5000000000",
            "kind": "usage_assumed",
            "quantity": "500",
            "unit": "GB",
            "sku": "59S5R83GFPUAGVR5",
            "price_description": "$0.045 per GB Data Processed by NAT Gateways",
            "formula": "500 data_processed_gb × $0.045 per GB",
            "notes": []
          }
        ],
        "notes": []
      },
      "after": {
        "address": "aws_nat_gateway.main",
        "resource_type": "aws_nat_gateway",
        "service": "NAT Gateway",
        "region": "us-east-1",
        "status": "priced",
        "monthly": "55.3500000000",
        "components": [
          {
            "name": "NAT gateway hours",
            "category": "compute",
            "status": "priced",
            "monthly": "32.8500000000",
            "kind": "exact",
            "quantity": "730",
            "unit": "Hrs",
            "sku": "M2YSHUBETB3JX4M4",
            "price_description": "$0.045 per NAT Gateway Hour",
            "formula": "730 hours × $0.045 per Hrs",
            "notes": []
          },
          {
            "name": "Data processed",
            "category": "data_transfer",
            "status": "priced",
            "monthly": "22.5000000000",
            "kind": "usage_assumed",
            "quantity": "500",
            "unit": "GB",
            "sku": "59S5R83GFPUAGVR5",
            "price_description": "$0.045 per GB Data Processed by NAT Gateways",
            "formula": "500 data_processed_gb × $0.045 per GB",
            "notes": []
          }
        ],
        "notes": []
      },
      "delta": "0.0000000000"
    },
    {
      "address": "aws_s3_bucket.catalog",
      "resource_type": "aws_s3_bucket",
      "action": "no_op",
      "before": {
        "address": "aws_s3_bucket.catalog",
        "resource_type": "aws_s3_bucket",
        "service": "S3",
        "region": "us-east-1",
        "status": "priced",
        "monthly": "20.5000000000",
        "components": [
          {
            "name": "Storage",
            "category": "storage",
            "status": "priced",
            "monthly": "11.5000000000",
            "kind": "usage_assumed",
            "quantity": "500",
            "unit": "GB-Mo",
            "sku": "WP9ANXZGBYYSGJEA",
            "price_description": "$0.022 per GB - next 450 TB / month of storage used",
            "formula": "500 storage_gb, tiered per GB-Mo: 0–51200 at $0.023; 51200–512000 at $0.022; above 512000 at $0.021",
            "notes": [
              "Assumes S3 Standard storage class."
            ]
          },
          {
            "name": "PUT, COPY, POST, LIST requests",
            "category": "requests",
            "status": "priced",
            "monthly": "5.0000000000",
            "kind": "usage_assumed",
            "quantity": "1000000",
            "unit": "Requests",
            "sku": "E9YHNFENF4XQBZR6",
            "price_description": "$0.005 per 1,000 PUT, COPY, POST, or LIST requests",
            "formula": "1000000 write_requests_monthly × $0.000005 per Requests",
            "notes": []
          },
          {
            "name": "GET and other requests",
            "category": "requests",
            "status": "priced",
            "monthly": "4.0000000000",
            "kind": "usage_assumed",
            "quantity": "10000000",
            "unit": "Requests",
            "sku": "ZWQ6Q48CRJXX4FXE",
            "price_description": "$0.004 per 10,000 GET and all other requests",
            "formula": "10000000 requests_monthly × $0.0000004 per Requests",
            "notes": []
          }
        ],
        "notes": [
          "Data transfer out, retrieval and replication are not modelled."
        ]
      },
      "after": {
        "address": "aws_s3_bucket.catalog",
        "resource_type": "aws_s3_bucket",
        "service": "S3",
        "region": "us-east-1",
        "status": "priced",
        "monthly": "20.5000000000",
        "components": [
          {
            "name": "Storage",
            "category": "storage",
            "status": "priced",
            "monthly": "11.5000000000",
            "kind": "usage_assumed",
            "quantity": "500",
            "unit": "GB-Mo",
            "sku": "WP9ANXZGBYYSGJEA",
            "price_description": "$0.022 per GB - next 450 TB / month of storage used",
            "formula": "500 storage_gb, tiered per GB-Mo: 0–51200 at $0.023; 51200–512000 at $0.022; above 512000 at $0.021",
            "notes": [
              "Assumes S3 Standard storage class."
            ]
          },
          {
            "name": "PUT, COPY, POST, LIST requests",
            "category": "requests",
            "status": "priced",
            "monthly": "5.0000000000",
            "kind": "usage_assumed",
            "quantity": "1000000",
            "unit": "Requests",
            "sku": "E9YHNFENF4XQBZR6",
            "price_description": "$0.005 per 1,000 PUT, COPY, POST, or LIST requests",
            "formula": "1000000 write_requests_monthly × $0.000005 per Requests",
            "notes": []
          },
          {
            "name": "GET and other requests",
            "category": "requests",
            "status": "priced",
            "monthly": "4.0000000000",
            "kind": "usage_assumed",
            "quantity": "10000000",
            "unit": "Requests",
            "sku": "ZWQ6Q48CRJXX4FXE",
            "price_description": "$0.004 per 10,000 GET and all other requests",
            "formula": "10000000 requests_monthly × $0.0000004 per Requests",
            "notes": []
          }
        ],
        "notes": [
          "Data transfer out, retrieval and replication are not modelled."
        ]
      },
      "delta": "0.0000000000"
    },
    {
      "address": "aws_elasticache_replication_group.sessions",
      "resource_type": "aws_elasticache_replication_group",
      "action": "create",
      "before": null,
      "after": {
        "address": "aws_elasticache_replication_group.sessions",
        "resource_type": "aws_elasticache_replication_group",
        "service": "ElastiCache",
        "region": "us-east-1",
        "status": "priced",
        "monthly": "217.5400000000",
        "components": [
          {
            "name": "Cache node hours",
            "category": "compute",
            "status": "priced",
            "monthly": "217.5400000000",
            "kind": "exact",
            "quantity": "1460",
            "unit": "Hrs",
            "sku": "BCWUFWUMAS4WVJ4Q",
            "price_description": "$0.149 per Gen Purpose m6g.large node hour running Redis",
            "formula": "730 hours × 2 nodes = 1460 Hrs × $0.149 per Hrs",
            "notes": []
          }
        ],
        "notes": [
          "Node-based clusters only. Backup storage and data transfer are not modelled."
        ]
      },
      "delta": "217.5400000000"
    },
    {
      "address": "aws_cloudfront_distribution.storefront",
      "resource_type": "aws_cloudfront_distribution",
      "action": "create",
      "before": null,
      "after": {
        "address": "aws_cloudfront_distribution.storefront",
        "resource_type": "aws_cloudfront_distribution",
        "service": "CloudFront",
        "region": "us-east-1",
        "status": "priced",
        "monthly": "95.0000000000",
        "components": [
          {
            "name": "Data transfer out to internet",
            "category": "data_transfer",
            "status": "priced",
            "monthly": "85.0000000000",
            "kind": "usage_assumed",
            "quantity": "1000",
            "unit": "GB",
            "sku": "GV2WFGX37Q9PDSHF",
            "price_description": "$0.030 per GB - next 524 TB / month data transfer out",
            "formula": "1000 data_transfer_out_gb, tiered per GB: 0–10240 at $0.085; 10240–51200 at $0.08; 51200–153600 at $0.06; 153600–512000 at $0.04; 512000–1048576 at $0.03; 1048576–5242880 at $0.025; above 5242880 at $0.02",
            "notes": [
              "Assumes all traffic priced at United States edge rates."
            ]
          },
          {
            "name": "HTTPS requests",
            "category": "requests",
            "status": "priced",
            "monthly": "10.0000000000",
            "kind": "usage_assumed",
            "quantity": "10000000",
            "unit": "Requests",
            "sku": "NPFD6SEH9MXS8M4J",
            "price_description": "$0.0100 per 10,000 HTTPS Requests",
            "formula": "10000000 https_requests_monthly × $0.000001 per Requests",
            "notes": [
              "Assumes all requests priced at United States edge rates."
            ]
          }
        ],
        "notes": []
      },
      "delta": "95.0000000000"
    },
    {
      "address": "aws_lambda_function.order_events",
      "resource_type": "aws_lambda_function",
      "action": "create",
      "before": null,
      "after": {
        "address": "aws_lambda_function.order_events",
        "resource_type": "aws_lambda_function",
        "service": "Lambda",
        "region": "us-east-1",
        "status": "priced",
        "monthly": "7.66670000000000000000000",
        "components": [
          {
            "name": "Requests",
            "category": "requests",
            "status": "priced",
            "monthly": "1.0000000000",
            "kind": "usage_assumed",
            "quantity": "5000000",
            "unit": "Requests",
            "sku": "K7BX6567RJ67A2KE",
            "price_description": "AWS Lambda - Total Requests for ARM - US East (Northern Virginia)",
            "formula": "5000000 invocations_monthly × $0.0000002 per Requests",
            "notes": []
          },
          {
            "name": "Duration",
            "category": "compute",
            "status": "priced",
            "monthly": "6.66670000000000000000000",
            "kind": "usage_assumed",
            "quantity": "500000.0000000000000",
            "unit": "Lambda-GB-Second",
            "sku": "72SBSFWPMDTH8S3J",
            "price_description": "AWS Lambda - Total Compute for ARM - US East (Northern Virginia)-Tier-2",
            "formula": "5000000 invocations_monthly × 200 average_duration_ms × 0.001 × 512 memory_size × 0.0009765625 = 500000 Lambda-GB-Second, tiered per Lambda-GB-Second: 0–7500000000 at $0.0000133334; 7500000000–18750000000 at $0.0000120001; above 18750000000 at $0.0000106667",
            "notes": []
          }
        ],
        "notes": [
          "The account-wide Lambda free tier is not applied."
        ]
      },
      "delta": "7.66670000000000000000000"
    },
    {
      "address": "aws_dynamodb_table.carts",
      "resource_type": "aws_dynamodb_table",
      "action": "create",
      "before": null,
      "after": {
        "address": "aws_dynamodb_table.carts",
        "resource_type": "aws_dynamodb_table",
        "service": "DynamoDB",
        "region": "us-east-1",
        "status": "priced",
        "monthly": "8.5770000000",
        "components": [
          {
            "name": "Provisioned read capacity",
            "category": "provisioned_capacity",
            "status": "priced",
            "monthly": "2.3270000000",
            "kind": "exact",
            "quantity": "36500",
            "unit": "ReadCapacityUnit-Hrs",
            "sku": "4V475Q49DCKGXQZ2",
            "price_description": "$0.00013 per hour for units of read capacity beyond the free tier",
            "formula": "730 hours × 50 read_capacity = 36500 ReadCapacityUnit-Hrs, tiered per ReadCapacityUnit-Hrs: 0–18600 at $0; above 18600 at $0.00013",
            "notes": [
              "Includes the free allowance of 18600 ReadCapacityUnit-Hrs from the price list. It is account-wide; it is applied per resource here."
            ]
          },
          {
            "name": "Provisioned write capacity",
            "category": "provisioned_capacity",
            "status": "priced",
            "monthly": "0",
            "kind": "exact",
            "quantity": "18250",
            "unit": "WriteCapacityUnit-Hrs",
            "sku": "R6PXMNYCEDGZ2EYN",
            "price_description": "$0.00065 per hour for units of write capacity beyond the free tier",
            "formula": "730 hours × 25 write_capacity = 18250 WriteCapacityUnit-Hrs, tiered per WriteCapacityUnit-Hrs: 0–18600 at $0; above 18600 at $0.00065",
            "notes": [
              "Includes the free allowance of 18600 WriteCapacityUnit-Hrs from the price list. It is account-wide; it is applied per resource here."
            ]
          },
          {
            "name": "Table storage",
            "category": "storage",
            "status": "priced",
            "monthly": "6.2500000000",
            "kind": "usage_assumed",
            "quantity": "50",
            "unit": "GB-Mo",
            "sku": "F3E2EDSYC6ZNW7XP",
            "price_description": "$0.00 per GB-Month of storage for first 25 free GB-Months",
            "formula": "50 storage_gb, tiered per GB-Mo: 0–25 at $0; above 25 at $0.25",
            "notes": [
              "Includes the free allowance of 25 GB-Mo from the price list. It is account-wide; it is applied per resource here."
            ]
          }
        ],
        "notes": [
          "Standard table class rates. Global secondary indexes, streams, backups and global tables are not modelled."
        ]
      },
      "delta": "8.5770000000"
    },
    {
      "address": "aws_cloudwatch_log_group.web",
      "resource_type": "aws_cloudwatch_log_group",
      "action": "create",
      "before": null,
      "after": {
        "address": "aws_cloudwatch_log_group.web",
        "resource_type": "aws_cloudwatch_log_group",
        "service": "",
        "region": "us-east-1",
        "status": "unsupported",
        "monthly": null,
        "components": [],
        "notes": []
      },
      "delta": "0"
    },
    {
      "address": "aws_iam_role.order_events",
      "resource_type": "aws_iam_role",
      "action": "create",
      "before": null,
      "after": {
        "address": "aws_iam_role.order_events",
        "resource_type": "aws_iam_role",
        "service": "",
        "region": "us-east-1",
        "status": "no_direct_charge",
        "monthly": null,
        "components": [],
        "notes": []
      },
      "delta": "0"
    },
    {
      "address": "module.workers.aws_instance.worker[0]",
      "resource_type": "aws_instance",
      "action": "create",
      "before": null,
      "after": {
        "address": "module.workers.aws_instance.worker[0]",
        "resource_type": "aws_instance",
        "service": "EC2",
        "region": "us-east-1",
        "status": "partially_priced",
        "monthly": "30.3680000000",
        "components": [
          {
            "name": "Instance hours",
            "category": "compute",
            "status": "priced",
            "monthly": "30.3680000000",
            "kind": "estimated",
            "quantity": "730",
            "unit": "Hrs",
            "sku": "NN4EGUUQRWVYP98C",
            "price_description": "$0.0416 per On Demand Linux t3.medium Instance Hour",
            "formula": "730 hours × $0.0416 per Hrs",
            "notes": [
              "Assumes Linux on-demand rate; the operating system comes from the AMI and is not visible in the IaC."
            ]
          },
          {
            "name": "Root volume storage",
            "category": "storage",
            "status": "unresolved",
            "reason": "root_block_device.0.volume_type is not known: known only after apply",
            "quantity": null,
            "unit": "GB-Mo",
            "sku": null,
            "price_description": null,
            "formula": null,
            "notes": []
          }
        ],
        "notes": [
          "The root volume is priced only when root_block_device sets its size and type; otherwise they come from the AMI."
        ]
      },
      "delta": "30.3680000000"
    },
    {
      "address": "module.workers.aws_instance.worker[1]",
      "resource_type": "aws_instance",
      "action": "create",
      "before": null,
      "after": {
        "address": "module.workers.aws_instance.worker[1]",
        "resource_type": "aws_instance",
        "service": "EC2",
        "region": "us-east-1",
        "status": "partially_priced",
        "monthly": "30.3680000000",
        "components": [
          {
            "name": "Instance hours",
            "category": "compute",
            "status": "priced",
            "monthly": "30.3680000000",
            "kind": "estimated",
            "quantity": "730",
            "unit": "Hrs",
            "sku": "NN4EGUUQRWVYP98C",
            "price_description": "$0.0416 per On Demand Linux t3.medium Instance Hour",
            "formula": "730 hours × $0.0416 per Hrs",
            "notes": [
              "Assumes Linux on-demand rate; the operating system comes from the AMI and is not visible in the IaC."
            ]
          },
          {
            "name": "Root volume storage",
            "category": "storage",
            "status": "unresolved",
            "reason": "root_block_device.0.volume_type is not known: known only after apply",
            "quantity": null,
            "unit": "GB-Mo",
            "sku": null,
            "price_description": null,
            "formula": null,
            "notes": []
          }
        ],
        "notes": [
          "The root volume is priced only when root_block_device sets its size and type; otherwise they come from the AMI."
        ]
      },
      "delta": "30.3680000000"
    }
  ],
  "assumptions": [
    {
      "scope": "aws_cloudfront_distribution.storefront",
      "key": "data_transfer_out_gb",
      "value": "1000",
      "source": "profile: standard (default)"
    },
    {
      "scope": "aws_cloudfront_distribution.storefront",
      "key": "https_requests_monthly",
      "value": "10000000",
      "source": "profile: standard (default)"
    },
    {
      "scope": "aws_dynamodb_table.carts",
      "key": "storage_gb",
      "value": "50",
      "source": "profile: standard (default)"
    },
    {
      "scope": "aws_lambda_function.order_events",
      "key": "average_duration_ms",
      "value": "200",
      "source": "profile: standard (default)"
    },
    {
      "scope": "aws_lambda_function.order_events",
      "key": "invocations_monthly",
      "value": "5000000",
      "source": "profile: standard (default)"
    },
    {
      "scope": "aws_lb.web",
      "key": "lcu_average",
      "value": "5",
      "source": "profile: standard (default)"
    },
    {
      "scope": "aws_nat_gateway.main",
      "key": "data_processed_gb",
      "value": "500",
      "source": "profile: standard (default)"
    },
    {
      "scope": "aws_s3_bucket.catalog",
      "key": "requests_monthly",
      "value": "10000000",
      "source": "profile: standard (default)"
    },
    {
      "scope": "aws_s3_bucket.catalog",
      "key": "storage_gb",
      "value": "500",
      "source": "profile: standard (default)"
    },
    {
      "scope": "aws_s3_bucket.catalog",
      "key": "write_requests_monthly",
      "value": "1000000",
      "source": "profile: standard (default)"
    }
  ],
  "findings": [
    {
      "severity": "HIGH",
      "rule_id": "RDS-MULTIAZ-COST",
      "title": "RDS Multi-AZ adds significant fixed monthly cost",
      "resource": "aws_db_instance.orders",
      "reason": "The instance is configured with multi_az = true, which runs a standby in a second zone at roughly double the instance and storage rate.",
      "estimated_impact": "255.1400000000",
      "recommendation": "Confirm the availability requirement for this environment. Non-production environments often do not need a standby.",
      "confidence": "HIGH"
    },
    {
      "severity": "MEDIUM",
      "rule_id": "NAT-TRAFFIC-UNDEFINED",
      "title": "NAT Gateway traffic assumptions are undefined",
      "resource": "aws_nat_gateway.main",
      "reason": "NAT Gateways charge per GB processed on top of the hourly rate, and no traffic volume is set for this gateway in the config file.",
      "estimated_impact": null,
      "recommendation": "Set usage.aws.nat_gateway.data_processed_gb from measured traffic, and review whether VPC endpoints for S3, DynamoDB or ECR would take traffic off the gateway.",
      "confidence": "MEDIUM"
    },
    {
      "severity": "LOW",
      "rule_id": "S3-NO-LIFECYCLE",
      "title": "S3 lifecycle policy is not configured",
      "resource": "aws_s3_bucket.catalog",
      "reason": "No lifecycle configuration for this bucket was found in the scanned infrastructure, so objects and old versions stay in their original storage class indefinitely.",
      "estimated_impact": null,
      "recommendation": "Review whether objects can transition to a colder storage class or expire, and whether incomplete multipart uploads should be aborted.",
      "confidence": "MEDIUM"
    }
  ],
  "unsupported_resources": [
    {
      "address": "aws_cloudwatch_log_group.web",
      "resource_type": "aws_cloudwatch_log_group",
      "reason": "no pricing adapter available yet"
    }
  ],
  "warnings": [],
  "errors": [],
  "confidence": "MEDIUM",
  "budget": null
}
